[backblue.gif]
[fade.gif]
[index.html]
[localhost/wordpress_mya/index.html]
[localhost/wordpress_mya/comments/feed/index.html]
[localhost/wordpress_mya/xmlrpc.php]
[localhost/wordpress_mya/feed/index.html]
[localhost/wordpress_mya/wp-includes/css/dist/block-library/style.minbb49.css]
[localhost/wordpress_mya/wp-includes/css/dist/block-library/theme.minbb49.css]
[localhost/wordpress_mya/wp-content/themes/twentythirteen/genericons/genericons19ce.css]
[localhost/wordpress_mya/wp-content/themes/twentythirteen/style4a02.css]
[localhost/wordpress_mya/wp-content/themes/twentythirteen/css/blocks0329.css]
[localhost/wordpress_mya/wp-includes/js/jquery/jquery4a5f.js]
[localhost/wordpress_mya/wp-content/plugins/elementor/assets/lib/eicons/css/elementor-icons.min9a8d.css]
[localhost/wordpress_mya/wp-content/plugins/elementor/assets/lib/animations/animations.mind047.css]
[localhost/wordpress_mya/wp-content/plugins/elementor/assets/css/frontend.mind047.css]
[localhost/wordpress_mya/wp-includes/js/jquery/jquery-migrate.min330a.js]
[localhost/wordpress_mya/wp-includes/wlwmanifest.xml]
[localhost/wordpress_mya/xmlrpc0db0.php]
[localhost/wordpress_mya/wp-content/uploads/elementor/css/global18ce.css]
[localhost/wordpress_mya/wp-json/index.html]
[localhost/wordpress_mya/wp-json/oembed/1.0/embeda3fb.json]
[localhost/wordpress_mya/wp-content/uploads/2019/08/cropped-banner03.png]
[localhost/wordpress_mya/wp-json/oembed/1.0/embed5a9a]
[localhost/wordpress_mya/about/index.html]
[localhost/wordpress_mya/wp-includes/js/masonry.mind617.js]
[localhost/wordpress_mya/wp-includes/js/imagesloaded.min55a0.js]
[localhost/wordpress_mya/wp-includes/js/jquery/jquery.masonry.minef70.js]
[cdnjs.cloudflare.com/ajax/libs/d3/3.5.5/d3.min.js]
[localhost/wordpress_mya/download/index.html]
[localhost/wordpress_mya/ncs-guidelines/index.html]
[localhost/wordpress_mya/desktop-tools/index.html]
[localhost/wordpress_mya/wp-includes/js/wp-embed.minbb49.js]
[localhost/wordpress_mya/wp-content/plugins/elementor/assets/js/frontend-modules.mind047.js]
[localhost/wordpress_mya/wp-includes/js/jquery/ui/position.mine899.js]
[localhost/wordpress_mya/wp-content/themes/twentythirteen/js/functionsf84f.js]
[localhost/wordpress_mya/faqs/index.html]
[localhost/wordpress_mya/2019/08/04/hello-world/index.html]
[localhost/wordpress_mya/2019/08/index.html]
[localhost/wordpress_mya/wp-content/plugins/elementor/assets/lib/waypoints/waypoints.min05da.js]
[localhost/wordpress_mya/wp-content/plugins/elementor/assets/lib/swiper/swiper.min4f24.js]
[localhost/wordpress_mya/wp-content/plugins/elementor/assets/js/frontend.mind047.js]
[localhost/wordpress_mya/wp-content/plugins/elementor/assets/lib/dialog/dialog.minfe9d.js]
[localhost/wordpress_mya/category/uncategorized/index.html]
[localhost/wordpress_mya/wp-login.html]
[localhost/wordpress_mya/wp-content/themes/twentythirteen/genericons/font/genericons-regular-webfont.eot]
[localhost/wordpress_mya/wp-content/themes/twentythirteen/genericons/font/genericons-regular-webfont.ttf]
[localhost/wordpress_mya/wp-content/themes/twentythirteen/images/search-icon.png]
[localhost/wordpress_mya/wp-content/themes/twentythirteen/images/dotted-line.png]
[localhost/wordpress_mya/wp-content/themes/twentythirteen/genericons/font/genericons-regular-webfont.svg]
[localhost/wordpress_mya/wp-content/themes/twentythirteen/images/dotted-line-2x.png]
[localhost/wordpress_mya/wp-content/themes/twentythirteen/images/search-icon-2x.png]
[localhost/wordpress_mya/wp-content/plugins/elementor/assets/lib/eicons/fonts/eiconsb434.woff2]
[localhost/wordpress_mya/wp-content/plugins/elementor/assets/lib/eicons/fonts/eiconsb434.eot]
[localhost/wordpress_mya/wp-content/plugins/elementor/assets/lib/eicons/fonts/eiconsb434.ttf]
[localhost/wordpress_mya/wp-content/plugins/elementor/assets/lib/eicons/fonts/eiconsb434.woff]
[localhost/wordpress_mya/wp-content/plugins/elementor/assets/lib/eicons/fonts/eiconsb434.svg]
[localhost/wordpress_mya/index0e62.html]
[localhost/wordpress_mya/wp-content/uploads/2019/08/admin_structure.png]
[localhost/wordpress_mya/wp-json/oembed/1.0/embed2a73.json]
[localhost/wordpress_mya/wp-json/oembed/1.0/embed3f42]
[localhost/wordpress_mya/index64b4.html]
[localhost/wordpress_mya/wp-json/oembed/1.0/embedca09.json]
[localhost/wordpress_mya/wp-json/oembed/1.0/embedcd2a]
[localhost/wordpress_mya/wp-json/oembed/1.0/embed0e8f.json]
[localhost/wordpress_mya/indexba52.html]
[localhost/wordpress_mya/wp-json/oembed/1.0/embedc4c8]
[localhost/wordpress_mya/wp-content/uploads/2019/08/pcoder.png]
[localhost/wordpress_mya/wp-json/oembed/1.0/embeda6e0.json]
[localhost/wordpress_mya/index47f2.html]
[localhost/wordpress_mya/wp-json/oembed/1.0/embed588e]
[localhost/wordpress_mya/index5cfa.html]
[localhost/wordpress_mya/wp-json/oembed/1.0/embed1aea.json]
[localhost/wordpress_mya/2019/08/04/hello-world/feed/index.html]
[localhost/wordpress_mya/wp-json/oembed/1.0/embed085b]
[localhost/wordpress_mya/indexcff1.html]
[localhost/wordpress_mya/wp-json/oembed/1.0/embed8686]
[localhost/wordpress_mya/wp-json/oembed/1.0/embed3b8a.json]
[localhost/wordpress_mya/wp-includes/js/comment-reply.minbb49.js]
[localhost/wordpress_mya/category/uncategorized/feed/index.html]
[localhost/wordpress_mya/author/admin/index.html]
[localhost/wordpress_mya/2019/08/04/hello-world/index6809.html]
[localhost/wordpress_mya/wp-includes/css/dashicons.minbb49.css]
[localhost/wordpress_mya/wp-includes/css/buttons.minbb49.css]
[localhost/wordpress_mya/author/admin/feed/index.html]
[localhost/wordpress_mya/wp-includes/fonts/dashicons2ce6.eot]
[localhost/wordpress_mya/wp-admin/css/forms.minbb49.css]
[localhost/wordpress_mya/wp-admin/css/l10n.minbb49.css]
[localhost/wordpress_mya/wp-includes/fonts/dashicons2ce6.ttf]
[localhost/wordpress_mya/wp-admin/images/loading.gif]
[localhost/wordpress_mya/wp-admin/css/login.minbb49.css]
[localhost/wordpress_mya/wp-admin/index.html]
[localhost/wordpress_mya/wp-loginc2b6.html]
[localhost/wordpress_mya/wp-admin/images/w-logo-blue7a53.png]
[localhost/wordpress_mya/wp-admin/images/wordpress-logo7d6b.svg]
[localhost/wordpress_mya/wp-login7c31.html]
[localhost/wordpress_mya/wp-admin/&reauth=1.html]
